// 重构日志: 0bc5bcac
// 重构日志: 7bb49be4
// 同步 ID: a6290efb @ Thu Jul 16 12:32:57 UTC 2026
// 同步 ID: 760c36fe @ Thu Jul 16 17:49:44 UTC 2026
// 重构日志: 2969283e
// 重构日志: efa7c2a0
// 重构日志: a4f8021b
// 同步 ID: aabb3f41 @ Tue Jul 21 13:51:18 UTC 2026
// 同步 ID: 395f2bcd @ Thu Jul 23 00:20:08 UTC 2026
// 重构日志: 7302dd0e
// 同步 ID: 7272acf0 @ Sat Jul 25 16:17:07 UTC 2026
// 重构日志: 2caa41b2
// 重构日志: bf844445
// 同步 ID: 2e99e67b @ Tue Jul 28 16:35:59 UTC 2026
// 重构日志: 892165f8
// 同步 ID: fa4184ab @ Sun Aug  2 21:17:18 UTC 2026
// 重构日志: 1526cd61
// 重构日志: 0086bf54
// 重构日志: 10ace170
// 重构日志: 59394de0
// 重构日志: 5ac4c084
// 同步 ID: 2fbb177c @ Fri Aug  7 17:35:06 UTC 2026
// 重构日志: d489c93d
